../Core/Src/App/evseStateMachine.c:91:6:Contractor_On	16	static
../Core/Src/App/evseStateMachine.c:95:6:Contractor_Off	16	static
../Core/Src/App/evseStateMachine.c:101:9:FunctionCableCheck	16	static
../Core/Src/App/evseStateMachine.c:105:9:FunctionInternalCheck	16	static
../Core/Src/App/evseStateMachine.c:109:6:EVSE_now_update	16	static
../Core/Src/App/evseStateMachine.c:114:7:EVSE_set_EVSE_Limit	16	static
../Core/Src/App/evseStateMachine.c:140:9:EVSE_set_volt_curr	24	static
../Core/Src/App/evseStateMachine.c:150:6:DC_Status_Update	24	static
../Core/Src/App/evseStateMachine.c:170:6:DinV2GHeaderCheck	240	static
../Core/Src/App/evseStateMachine.c:232:6:EVSESetStatus	16	static
../Core/Src/App/evseStateMachine.c:249:8:decodeTCP	40	static
../Core/Src/App/evseStateMachine.c:329:6:stateFunctionSAPRq	472	static
../Core/Src/App/evseStateMachine.c:416:6:stateFunctionSSRq	72	static
../Core/Src/App/evseStateMachine.c:464:6:stateFunctionSDRq	88	dynamic
../Core/Src/App/evseStateMachine.c:538:6:stateFunctionSPSRq	56	static
../Core/Src/App/evseStateMachine.c:595:6:stateFunctionCARq	40	static
../Core/Src/App/evseStateMachine.c:644:6:stateFunctionCPDRq	240	static
../Core/Src/App/evseStateMachine.c:811:6:stateFunctionCCRq	48	static
../Core/Src/App/evseStateMachine.c:874:6:stateFunctionPCRq	56	static
../Core/Src/App/evseStateMachine.c:949:6:stateFunctionPDRq	48	static
../Core/Src/App/evseStateMachine.c:1020:6:stateFunctionCDRq	56	static
../Core/Src/App/evseStateMachine.c:1146:6:stateFunctionWDRq	48	static
../Core/Src/App/evseStateMachine.c:1194:6:stateFunctionSSpRq	48	static
../Core/Src/App/evseStateMachine.c:1232:9:evse_isTooLong	16	static
../Core/Src/App/evseStateMachine.c:1238:6:evse_enterState	16	static
../Core/Src/App/evseStateMachine.c:1245:6:evseStateMachine_Reset_StateTimeout	16	static
../Core/Src/App/evseStateMachine.c:1248:6:evseStateMachine_Stop	16	static
../Core/Src/App/evseStateMachine.c:1256:6:evseStateMachine_ReInit	16	static
../Core/Src/App/evseStateMachine.c:1270:6:evseStateMachine_Init	32	static
../Core/Src/App/evseStateMachine.c:1292:6:evseStateMachine_Counter	16	static
../Core/Src/App/evseStateMachine.c:1303:6:evseStateMachine_Task	16	static
../Core/Src/App/evseStateMachine.c:1313:6:addV2GTPHeader	24	static
../Core/Src/App/evseStateMachine.c:1338:6:encode_only_appHand	24	static
../Core/Src/App/evseStateMachine.c:1346:6:encode_only_Din	24	static
../Core/Src/App/evseStateMachine.c:1354:6:routeDecoderInputData	24	static
../Core/Src/App/evseStateMachine.c:1366:9:SessionIdCheckRq	24	static
../Core/Src/App/evseStateMachine.c:1379:26:User_EVSEStatusCheck	16	static
../Core/Src/App/evseStateMachine.c:1389:6:Emergency_Stop_Check	16	static
../Core/Src/App/evseStateMachine.c:1400:23:User_EVSEIsolationStatusCheck	16	static
../Core/Src/App/evseStateMachine.c:1407:23:User_CCRs_EVSEProcessingCheck	16	static
../Core/Src/App/evseStateMachine.c:1414:23:User_CPDRs_EVSEProcessingCheck	16	static
../Core/Src/App/evseStateMachine.c:1421:23:User_CARs_EVSEProcessingCheck	16	static
